exports[`Create cluster form(snapshot) Create service form render form 1`] = `
<form
  onSubmit={[Function]}>
  <div>
    <TextField
      disabled={false}
      floatingLabelFixed={false}
      floatingLabelText="Name"
      fullWidth={false}
      multiLine={false}
      onChange={[Function]}
      required={true}
      rows={1}
      type="text"
      underlineShow={true} />
  </div>
  <div>
    <TextField
      disabled={false}
      floatingLabelFixed={false}
      floatingLabelText="Username"
      fullWidth={false}
      multiLine={false}
      onChange={[Function]}
      required={true}
      rows={1}
      type="text"
      underlineShow={true} />
  </div>
  <div
    style={
      Object {
        "height": "48px",
        "lineHeight": "48px",
      }
    }>
    <FileInput
      id="ssh"
      onChange={[Function]}>
      Select ssh key
    </FileInput>
  </div>
  <div>
    <RaisedButton
      disabled={false}
      fullWidth={false}
      label="Create"
      labelPosition="after"
      primary={false}
      secondary={false}
      type="submit" />
  </div>
</form>
`;
